// Jest Snapshot v1, https://goo.gl/fbAQLP

exports[`should render EditExpensePage correctly 1`] = `
<div>
  <div
    className="page-header"
  >
    <div
      className="container"
    >
      <h1
        className="page-header__title"
      >
        Edit Expense
      </h1>
    </div>
  </div>
  <div
    className="container"
  >
    <ExpenseForm
      expense={
        Object {
          "amount": 141.35,
          "createdAt": 345600000,
          "description": "Coffee and dinner",
          "id": "3",
          "note": "",
        }
      }
      onSubmit={[Function]}
    />
    <Connect(ConfirmationModal)
      history={
        Object {
          "push": [MockFunction],
        }
      }
      selectedExpense={
        Object {
          "amount": 141.35,
          "createdAt": 345600000,
          "description": "Coffee and dinner",
          "id": "3",
          "note": "",
        }
      }
    />
    <button
      className="btn btn--secondary"
      onClick={[Function]}
    >
      Remove Expense
    </button>
  </div>
</div>
`;
